// Jest Snapshot v1, https://goo.gl/fbAQLP

exports[`test parser hasn't broken 1`] = `
SYNTAX [
  ID [
    "SYNTAX",
  ],
  RULES [
    RULE [
      ID [
        "SYNTAX",
      ],
      EXP [
        ALT [
          SEQ [
            TERM [
              TYPE [
                ALT [
                  SEQ [
                    TERM [
                      STRING [
                        ".SYNTAX",
                      ],
                    ],
                    TERM [
                      LITERAL [
                        ".ID",
                      ],
                    ],
                    TERM [
                      ID [
                        "RULES",
                      ],
                    ],
                    TERM [
                      STRING [
                        ".END",
                      ],
                    ],
                  ],
                ],
                ID [
                  "SYNTAX",
                ],
              ],
            ],
          ],
        ],
      ],
    ],
    RULE [
      ID [
        "RULES",
      ],
      EXP [
        ALT [
          SEQ [
            TERM [
              TYPE [
                ALT [
                  SEQ [
                    TERM [
                      REPEAT [
                        TERM [
                          ID [
                            "RULE",
                          ],
                        ],
                      ],
                    ],
                  ],
                ],
                ID [
                  "RULES",
                ],
              ],
            ],
          ],
        ],
      ],
    ],
    RULE [
      ID [
        "RULE",
      ],
      EXP [
        ALT [
          SEQ [
            TERM [
              TYPE [
                ALT [
                  SEQ [
                    TERM [
                      LITERAL [
                        ".ID",
                      ],
                    ],
                    TERM [
                      STRING [
                        "=",
                      ],
                    ],
                    TERM [
                      ID [
                        "RULEEX",
                      ],
                    ],
                    TERM [
                      STRING [
                        ";",
                      ],
                    ],
                  ],
                ],
                ID [
                  "RULE",
                ],
              ],
            ],
          ],
        ],
      ],
    ],
    RULE [
      ID [
        "RULEEX",
      ],
      EXP [
        ALT [
          SEQ [
            TERM [
              TYPE [
                ALT [
                  SEQ [
                    TERM [
                      ID [
                        "EX1",
                      ],
                    ],
                  ],
                ],
                ID [
                  "EXP",
                ],
              ],
            ],
          ],
        ],
      ],
    ],
    RULE [
      ID [
        "EX1",
      ],
      EXP [
        ALT [
          SEQ [
            TERM [
              TYPE [
                ALT [
                  SEQ [
                    TERM [
                      ID [
                        "EX2",
                      ],
                    ],
                    TERM [
                      REPEAT [
                        TERM [
                          GROUP [
                            ALT [
                              SEQ [
                                TERM [
                                  STRING [
                                    "/",
                                  ],
                                ],
                                TERM [
                                  ID [
                                    "EX2",
                                  ],
                                ],
                              ],
                            ],
                          ],
                        ],
                      ],
                    ],
                  ],
                ],
                ID [
                  "ALT",
                ],
              ],
            ],
          ],
        ],
      ],
    ],
    RULE [
      ID [
        "EX2",
      ],
      EXP [
        ALT [
          SEQ [
            TERM [
              TYPE [
                ALT [
                  SEQ [
                    TERM [
                      ID [
                        "EX3",
                      ],
                    ],
                    TERM [
                      REPEAT [
                        TERM [
                          ID [
                            "EX3",
                          ],
                        ],
                      ],
                    ],
                  ],
                ],
                ID [
                  "SEQ",
                ],
              ],
            ],
          ],
        ],
      ],
    ],
    RULE [
      ID [
        "EX3",
      ],
      EXP [
        ALT [
          SEQ [
            TERM [
              TYPE [
                ALT [
                  SEQ [
                    TERM [
                      TYPE [
                        ALT [
                          SEQ [
                            TERM [
                              LITERAL [
                                ".ID",
                              ],
                            ],
                          ],
                        ],
                        ID [
                          "ID",
                        ],
                      ],
                    ],
                  ],
                  SEQ [
                    TERM [
                      TYPE [
                        ALT [
                          SEQ [
                            TERM [
                              LITERAL [
                                ".STRING",
                              ],
                            ],
                          ],
                        ],
                        ID [
                          "STRING",
                        ],
                      ],
                    ],
                  ],
                  SEQ [
                    TERM [
                      TYPE [
                        ALT [
                          SEQ [
                            TERM [
                              STRING [
                                ".ID",
                              ],
                            ],
                          ],
                        ],
                        ID [
                          "LITERAL",
                        ],
                      ],
                    ],
                  ],
                  SEQ [
                    TERM [
                      TYPE [
                        ALT [
                          SEQ [
                            TERM [
                              STRING [
                                ".NUMBER",
                              ],
                            ],
                          ],
                        ],
                        ID [
                          "LITERAL",
                        ],
                      ],
                    ],
                  ],
                  SEQ [
                    TERM [
                      TYPE [
                        ALT [
                          SEQ [
                            TERM [
                              STRING [
                                ".STRING",
                              ],
                            ],
                          ],
                        ],
                        ID [
                          "LITERAL",
                        ],
                      ],
                    ],
                  ],
                  SEQ [
                    TERM [
                      TYPE [
                        ALT [
                          SEQ [
                            TERM [
                              STRING [
                                "(",
                              ],
                            ],
                            TERM [
                              ID [
                                "EX1",
                              ],
                            ],
                            TERM [
                              STRING [
                                ")",
                              ],
                            ],
                          ],
                        ],
                        ID [
                          "GROUP",
                        ],
                      ],
                    ],
                  ],
                  SEQ [
                    TERM [
                      TYPE [
                        ALT [
                          SEQ [
                            TERM [
                              STRING [
                                "{",
                              ],
                            ],
                            TERM [
                              ID [
                                "EX1",
                              ],
                            ],
                            TERM [
                              STRING [
                                ":",
                              ],
                            ],
                            TERM [
                              LITERAL [
                                ".ID",
                              ],
                            ],
                            TERM [
                              STRING [
                                "}",
                              ],
                            ],
                          ],
                        ],
                        ID [
                          "TYPE",
                        ],
                      ],
                    ],
                  ],
                  SEQ [
                    TERM [
                      TYPE [
                        ALT [
                          SEQ [
                            TERM [
                              STRING [
                                ".EMPTY",
                              ],
                            ],
                          ],
                        ],
                        ID [
                          "LITERAL",
                        ],
                      ],
                    ],
                  ],
                  SEQ [
                    TERM [
                      TYPE [
                        ALT [
                          SEQ [
                            TERM [
                              STRING [
                                "$",
                              ],
                            ],
                            TERM [
                              ID [
                                "EX3",
                              ],
                            ],
                          ],
                        ],
                        ID [
                          "REPEAT",
                        ],
                      ],
                    ],
                  ],
                ],
                ID [
                  "TERM",
                ],
              ],
            ],
          ],
        ],
      ],
    ],
  ],
]
`;
