// Jest Snapshot v1, https://goo.gl/fbAQLP

exports[`test parser hasn't broken 1`] = `
SYNTAX [
  ID [
    "SYNTAX",
  ],
  RULES [
    RULE [
      ID [
        "SYNTAX",
      ],
      EXP [
        TYPE [
          SEQ [
            STRING [
              ".SYNTAX",
            ],
            LITERAL [
              ".ID",
            ],
            ID [
              "RULES",
            ],
            STRING [
              ".END",
            ],
          ],
          ID [
            "SYNTAX",
          ],
        ],
      ],
    ],
    RULE [
      ID [
        "RULES",
      ],
      EXP [
        TYPE [
          REPEAT [
            ID [
              "RULE",
            ],
          ],
          ID [
            "RULES",
          ],
        ],
      ],
    ],
    RULE [
      ID [
        "RULE",
      ],
      EXP [
        TYPE [
          SEQ [
            LITERAL [
              ".ID",
            ],
            STRING [
              "=",
            ],
            ID [
              "RULEEX",
            ],
            STRING [
              ";",
            ],
          ],
          ID [
            "RULE",
          ],
        ],
      ],
    ],
    RULE [
      ID [
        "RULEEX",
      ],
      EXP [
        TYPE [
          ID [
            "EX1",
          ],
          ID [
            "EXP",
          ],
        ],
      ],
    ],
    RULE [
      ID [
        "EX1",
      ],
      EXP [
        TYPE [
          SEQ [
            ID [
              "EX2",
            ],
            REPEAT [
              GROUP [
                SEQ [
                  STRING [
                    "/",
                  ],
                  ID [
                    "EX2",
                  ],
                ],
              ],
            ],
          ],
          ID [
            "ALT",
          ],
        ],
      ],
    ],
    RULE [
      ID [
        "EX2",
      ],
      EXP [
        TYPE [
          SEQ [
            ID [
              "EX3",
            ],
            REPEAT [
              ID [
                "EX3",
              ],
            ],
          ],
          ID [
            "SEQ",
          ],
        ],
      ],
    ],
    RULE [
      ID [
        "EX3",
      ],
      EXP [
        ALT [
          LITERAL [
            ".ID",
          ],
          TYPE [
            LITERAL [
              ".STRING",
            ],
            ID [
              "LITERAL",
            ],
          ],
          TYPE [
            STRING [
              ".ID",
            ],
            ID [
              "ID",
            ],
          ],
          TYPE [
            STRING [
              ".NUMBER",
            ],
            ID [
              "NUMBER",
            ],
          ],
          TYPE [
            STRING [
              ".STRING",
            ],
            ID [
              "STRING",
            ],
          ],
          TYPE [
            SEQ [
              STRING [
                "(",
              ],
              ID [
                "EX1",
              ],
              STRING [
                ")",
              ],
            ],
            ID [
              "GROUP",
            ],
          ],
          TYPE [
            SEQ [
              STRING [
                "{",
              ],
              ID [
                "EX1",
              ],
              STRING [
                ":",
              ],
              LITERAL [
                ".ID",
              ],
              STRING [
                "}",
              ],
            ],
            ID [
              "TYPE",
            ],
          ],
          STRING [
            ".EMPTY",
          ],
          TYPE [
            SEQ [
              STRING [
                "$",
              ],
              ID [
                "EX3",
              ],
            ],
            ID [
              "REPEAT",
            ],
          ],
        ],
      ],
    ],
  ],
]
`;
