// Jest Snapshot v1, https://goo.gl/fbAQLP

exports[`test parser hasn't broken 1`] = `
SYNTAX [
  ID [
    "CPEG",
  ],
  RULES [
    RULE [
      ID [
        "CPEG",
      ],
      TYPE [
        SEQ [
          STRING [
            ".SYNTAX",
          ],
          LITERAL [
            ".ID",
          ],
          ID [
            "RULES",
          ],
          STRING [
            ".END",
          ],
        ],
        ID [
          "CPEG",
        ],
      ],
    ],
    RULE [
      ID [
        "RULES",
      ],
      TYPE [
        REPEAT [
          ID [
            "RULE",
          ],
        ],
        ID [
          "RULES",
        ],
      ],
    ],
    RULE [
      ID [
        "RULE",
      ],
      TYPE [
        SEQ [
          LITERAL [
            ".ID",
          ],
          STRING [
            "=",
          ],
          ID [
            "RULEEX",
          ],
          STRING [
            ";",
          ],
        ],
        ID [
          "RULE",
        ],
      ],
    ],
    RULE [
      ID [
        "RULEEX",
      ],
      TYPE [
        ID [
          "EX1",
        ],
        ID [
          "EXP",
        ],
      ],
    ],
    RULE [
      ID [
        "EX1",
      ],
      TYPE [
        SEQ [
          ID [
            "EX2",
          ],
          REPEAT [
            GROUP [
              SEQ [
                STRING [
                  "/",
                ],
                ID [
                  "EX2",
                ],
              ],
            ],
          ],
        ],
        ID [
          "ALT",
        ],
      ],
    ],
    RULE [
      ID [
        "EX2",
      ],
      TYPE [
        SEQ [
          ID [
            "EX3",
          ],
          REPEAT [
            ID [
              "EX3",
            ],
          ],
        ],
        ID [
          "SEQ",
        ],
      ],
    ],
    RULE [
      ID [
        "EX3",
      ],
      ALT [
        LITERAL [
          ".ID",
        ],
        TYPE [
          LITERAL [
            ".STRING",
          ],
          ID [
            "LITERAL",
          ],
        ],
        TYPE [
          STRING [
            ".ID",
          ],
          ID [
            "ID",
          ],
        ],
        TYPE [
          STRING [
            ".NUMBER",
          ],
          ID [
            "NUMBER",
          ],
        ],
        TYPE [
          STRING [
            ".STRING",
          ],
          ID [
            "STRING",
          ],
        ],
        TYPE [
          SEQ [
            STRING [
              "(",
            ],
            ID [
              "EX1",
            ],
            STRING [
              ")",
            ],
          ],
          ID [
            "GROUP",
          ],
        ],
        TYPE [
          SEQ [
            STRING [
              "{",
            ],
            ID [
              "EX1",
            ],
            STRING [
              ":",
            ],
            LITERAL [
              ".ID",
            ],
            STRING [
              "}",
            ],
          ],
          ID [
            "TYPE",
          ],
        ],
        STRING [
          ".EMPTY",
        ],
        TYPE [
          SEQ [
            STRING [
              "$",
            ],
            ID [
              "EX3",
            ],
          ],
          ID [
            "REPEAT",
          ],
        ],
      ],
    ],
  ],
]
`;

exports[`test printer hasn't broken 1`] = `
".SYNTAX CPEG
CPEG = { '.SYNTAX' .ID RULES '.END' : CPEG } ;
RULES = { $ RULE : RULES } ;
RULE = { .ID '=' RULEEX ';' : RULE } ;
RULEEX = { EX1 : EXP } ;
EX1 = { EX2 $ ( '/' EX2 ) : ALT } ;
EX2 = { EX3 $ EX3 : SEQ } ;
EX3 = .ID
    / { .STRING : LITERAL }
    / { '.ID' : ID }
    / { '.NUMBER' : NUMBER }
    / { '.STRING' : STRING }
    / { '(' EX1 ')' : GROUP }
    / { '{' EX1 ':' .ID '}' : TYPE }
    / '.EMPTY'
    / { '$' EX3 : REPEAT } ;"
`;
